the ``0-add_integer`` module
============================

using ``add_integer``
---------------------

First import ``add_integer`` from ``0-add_integer`` module:

----------------------------------------------------------

>>> add_integer = __import__('0-add_integer').add_integer


'a = int, b = int'
>>> add_integer(6, 3)
9

'a = negative int, b =  int'
>>> add_integer(-7, 3)
-4

'a = 0, b = int'
>>> add_integer(0, 5)
5

'a = float, b = int'
>>> add_integer(3.1, 2)
5

'a = int, b = float'
>>> add_integer(6, 2.6)
8

'a = float, b = float'
>>> add_integer(2.9, 1.9)
3

'a = None, b = int'
>>> add_integer(None, 10)
Traceback (most recent call last):
...
TypeError: a must be an integer

'a = None'
>>> add_integer(None)
Traceback (most recent call last):
...
TypeError: a must be an integer

'a is nan'
>>> add_integer(float('nan'))
Traceback (most recent call last):
...
TypeErrorgit: a must be an integer

'a is an infinity float'
>>> import sys
>>> add_integer(sys.float_info.max + 1e292)
Traceback (most recent call last):
...
TypeError: a must be an integer

'b is an infinity float'
>>> import sys
>>> add_integer(3, sys.float_info.max + 1e292)
Traceback (most recent call last):
...
TypeError: b must be an integer

'a and b empty'
>>> add_integer()
Traceback (most recent call last):
...
TypeError: add_integer() missing 1 required positional argument: 'a'

'b argument is empty'
>>> add_integer(5,)
103